Command: add
	Message added
Command: add
	Message added
Command: add
	Message added
Command: add
	Message added
Command: add
	Message added
Command: add
	Message added
Command: add
	Message added
Command: add
	Message added
Command: add
	Message added
Command: add
	Message added
Command: add
	Message added
Command: add
	Message added
Command: add
	Message added
Command: add
	Message added
