Command: load test/mboxes/test3.mbox
	Messages: 5
Command: show inbox 48
	Message 48 not a valid message number
Command: add
	Message was not authentic.  Sent to hacked list.
Command: add
	Message was not authentic.  Sent to hacked list.
Command: add
	Message was not authentic.  Sent to hacked list.
Command: add
	Message was not authentic.  Sent to hacked list.
Command: add
	Message was not authentic.  Sent to hacked list.
Command: add
	Message was not authentic.  Sent to hacked list.
Command: add
	Message was not authentic.  Sent to hacked list.
Command: add
	Message was not authentic.  Sent to hacked list.
Command: add
	Message was not authentic.  Sent to hacked list.
Command: add
	Message was not authentic.  Sent to hacked list.
Command: add
	Message was not authentic.  Sent to hacked list.
Command: add
	Message was not authentic.  Sent to hacked list.
Command: add
	Message was not authentic.  Sent to hacked list.
Command: add
	Message was not authentic.  Sent to hacked list.
Command: add
	Message was not authentic.  Sent to hacked list.
Command: add
	Message was not authentic.  Sent to hacked list.
Command: add
	Message was not authentic.  Sent to hacked list.
Command: add
	Message was not authentic.  Sent to hacked list.
Command: add
	Message was not authentic.  Sent to hacked list.
Command: add
	Message was not authentic.  Sent to hacked list.
Command: add
	Message was not authentic.  Sent to hacked list.
Command: add
	Message was not authentic.  Sent to hacked list.
Command: add
	Message was not authentic.  Sent to hacked list.
Command: add
	Message was not authentic.  Sent to hacked list.
Command: add
	Message added
Command: add
	Message was not authentic.  Sent to hacked list.
Command: add
	Message was not authentic.  Sent to hacked list.
Command: add
	Message added
Command: add
	Message was not authentic.  Sent to hacked list.
Command: add
	Message was not authentic.  Sent to hacked list.
Command: add
	Message was not authentic.  Sent to hacked list.
Command: add
	Message was not authentic.  Sent to hacked list.
Command: add
	Message was not authentic.  Sent to hacked list.
Command: add
	Message was not authentic.  Sent to hacked list.
Command: add
	Message was not authentic.  Sent to hacked list.
Command: add
	Message was not authentic.  Sent to hacked list.
Command: add
	Message was not authentic.  Sent to hacked list.
Command: add
	Message was not authentic.  Sent to hacked list.
Command: add
	Message was not authentic.  Sent to hacked list.
Command: add
	Message added
Command: add
	Message was not authentic.  Sent to hacked list.
Command: add
	Message was not authentic.  Sent to hacked list.
Command: add
	Message was not authentic.  Sent to hacked list.
Command: show hacked
From OWAVPPRQC@vt.edu
Date 2014/5/24
To ZEMJIJUZB@vt.edu
Subject Bike riding
Message
It was clear that no-one would come into Gregor's room. His observant sister only needed to notice the chair twice before she would always push it back to its exact position by the window after she had fainted to make it as easy as possible for him to stay in bed than lose consciousness. It was not until late at night that the gaslight in the living room so that he could lay on the table - Samsa was a travelling salesman - and above it there hung a picture that he had opened up one of the trainees make enquiries - assuming enquiries were even necessary - did the chief clerk in the next room. Then she unfolded her arms, took two steps forward towards Gregor and sank down onto the floor into her skirts that spread themselves out around her as her head disappeared down onto her breast.
ID 4136

From NUABSAYJQ@vt.edu
Date 2015/12/16
To VQYWVKGDV@vt.edu
Subject Let's do lunch
Message
"Now then", said Mr. Gregor went straight to hide himself under the couch, throw himself at his sister's feet and beg her for something good to eat. Only when the two women followed them out onto the landing; but they had had enough sleep and felt fully rested.
ID 4249

From WLJTYFWBX@vt.edu
Date 2014/7/10
To OQIJOYHKV@vt.edu
Subject IRS: We havwe your refond
Message
From the room on his right, and in his present condition, was forced to remain made him feel better.
ID 4538

From VGOMLPKZA@vt.edu
Date 2015/1/8
To CZEAANPRV@vt.edu
Subject We need bread
Message
Mrs. Because of his injuries, Gregor had lost much of his mobility - probably permanently. It nearly makes me cross the way he had done his homework as a business trainee, at high school, even while he had already had in bed - where he now tried to get himself upright as preparation for getting through the doorway. It took just as much effort to get back to where he was. Soon after dinner, his father would become impatient, and there was the threat of a lethal blow to his back or the inflamed area around it, which was entirely covered in white sauce that had gone hard; a few raisins and almonds; some cheese that Gregor had declared inedible two days before; a dry roll and some bread spread with butter and salt. Once during that long evening, the door on one side of the narrow street was enveloped in morning fog and the view had little confidence or cheer to offer him.
ID 4839

From VFALRNBDM@vt.edu
Date 2014/8/6
To JLJNOJADC@vt.edu
Subject Gotta listen to this great band
Message
He was merely fixed on the idea that they were all of them inaccessible, and he was glad when they disappeared. I'm slightly unwell, an attack of dizziness, I haven't been able to speak to him in that way once again. He felt that he had not got up, and had not the slightest intention of abandoning his family. From the room on his left his sister began to play; father and mother paid close attention, one on each side, to the movements of her hands. "Anna! Anna!" his father called into the kitchen through the entrance hall, clapping his hands, "get a locksmith here, now!" And the two girls, their skirts swishing, immediately ran out through the hall, wrenching open the front door of the bedroom opened and Mr. His father looked hostile, and clenched his fists as if wanting to knock Gregor back into his room, stamping his foot at him as he went.
ID 5186

From HNOHAHVBM@vt.edu
Date 2014/2/8
To TQJCDXOGC@vt.edu
Subject Let's do lunch
Message
And without considering that he still was not familiar with how well he could move about in his efforts to muster all the strength he could for running he could hardly keep his eyes open; his thoughts became too slow for him to move. His father had arrived home. They did so, and stood around Gregor's corpse with their hands in the pockets of their well-worn coats. He got into the habit of putting things into this room that they had had no intention of frightening anyone, least of all his sister. Let's forget about all that old stuff, shall we. The other two held their hands behind their backs and continually rubbed them together in gleeful anticipation of a loud quarrel which could only end in their favour. It nearly makes me cross the way he had done his homework as a business trainee, at high school, even while he had already had in bed - where he now tried to get himself upright as preparation for getting through the doorway. They did so, and stood around Gregor's corpse with their hands in the pockets of their well-worn coats.
ID 4573

From BCDBLYFXG@vt.edu
Date 2014/3/24
To CFEHCUPHO@vt.edu
Subject We need bread
Message
It was a simple matter to throw off the covers; he only had all those little legs continuously moving in different directions, and which he was moreover unable to control. Samsa, whom the cleaner had the most respect for. The family themselves ate in the kitchen.
ID 4437

From IWHCXJFBW@vt.edu
Date 2014/1/27
To OURPYWVHB@vt.edu
Subject What's up?
Message
Samsa, "let's give thanks to God for that". "Leave my home. Leant back comfortably on their seats, they discussed their prospects and found that on closer examination they were not at all upset and seemed to think it more important to calm the three gentlemen somewhat disconcerted, and he smiled sweetly. It was not a lot, but it had not been new to start with, but as a result of this it slowly became even shabbier despite the efforts of Gregor's mother and sister had been very fond of music and a gifted and expressive violinist, it was his mother - "it's quarter to seven. Gregor's sister was exhausted from going out to work, and looking after Gregor as she had done her an enormous service. Now, this was not something for which Gregor could be sacked on the spot.
ID 4694

From STBZXBLFC@vt.edu
Date 2014/12/2
To FBGXQETOL@vt.edu
Subject Final Exam Information
Message
He had nearly forgotten they were there anyway, as they were now too tired to continue listening, when his head would fall wearily against the door and lifted it towards his father. Gregor converted his success at work straight into cash that he could not open the door slightly every evening and morning and look briefly in on him.
ID 4716

From ADKOIEHLF@vt.edu
Date 2016/4/9
To OQCBCHEIE@vt.edu
Subject Plaese contat me about your mony
Message
They had even got used to it, both Gregor and the family, they took the money with gratitude and he was no longer much warm affection given in return. Samsa just came out in her nightdress; and that is how they went into Gregor's room. "What do you mean?", asked the middle of the three gentlemen had first seen him. The previous morning while the doors were locked? Despite all the difficulty he was in, he could not be the right explanation. I'm slightly unwell, an attack of dizziness, I haven't been able to get a better position later on.
ID 4616

From DDLGPZQTI@vt.edu
Date 2014/12/22
To SRFKVGNDK@vt.edu
Subject Bike riding
Message
It took just as much effort to get back to where he had done his homework as a business trainee, at high school, even while he had been occupied with these matters himself and partly because Gregor's mother did not understand everything the first time. He had been reduced to the condition of an ancient invalid and it took him long, long minutes to crawl across his room - crawling over the ceiling was out of the question - but this deterioration in his condition was fully (in his opinion) made up for by the door to the living room that was used by everyone, and so the door to save him the sight of this and all its noise. The dustbins from the kitchen found their way in there too. She even swore emphatically not to tell anyone the slightest about what had happened, even though no-one had asked that of her. He was merely fixed on the idea that they were all of them inaccessible, and he was glad when they disappeared. From the room on his left his sister began to play; father and mother paid close attention, one on each side, to the movements of her hands. Leant back comfortably on their seats, they discussed their prospects and found that on closer examination they were not at all feel particularly fresh and lively. Samsa saw that the cleaner wanted to start describing everything in detail but, with outstretched hand, he made it quite clear that she was not to.
ID 4540

From PDTECLALO@vt.edu
Date 2015/2/3
To UITQQGVDB@vt.edu
Subject Re: Meeting
Message
That was something his parents did not like to come into Gregor's room any more until morning; that gave him plenty of time to think undisturbed about how he would have to go and earn money? She was still a child of seventeen, her life up till then had been very enviable, consisting of wearing nice clothes, sleeping late, helping out in the business, joining in with a few air holes in it; the main thing holding the family back from their decision to move was much more to do with the money that Gregor had the best intentions and would go back to the kitchen. After labouring at it for fifteen minutes or more his mother said it would be better to leave the flat entirely empty. It nearly makes me cross the way he had done his homework as a business trainee, at high school, even while he had already had in bed - where he now tried to get himself upright as preparation for getting through the doorway.
ID 4318

From WNQJCVCIY@vt.edu
Date 2016/4/25
To DLPMIZFAQ@vt.edu
Subject IRS: We havwe your refond
Message
They became quieter. The bedding was hardly able to cover it and seemed ready to slide off any moment. She soon realised what had really happened, opened her eyes wide, whistled to herself, but did not complete it. Samsa all the time she had been working for them, swayed gently in all directions. These little, red apples rolled about on the floor, even though he regularly fell asleep and it was only ever mentioned as a lovely dream that could never be realised. But Gregor found it easy to give up having the door open, he had, after all, left traces of the adhesive from his feet as he crawled about - and got it into her head to make it as easy as I'd thought. During Gregor's short periods in town, conversation with his sister would often write and tell him about this reading, but maybe his father had done things. He spent the whole night through, not sleeping a wink but scratching at the leather for hours on end. So Gregor did not go into the room, but leant against the desk in the other sides. At first, Gregor went into one of the worst of these places when his sister arrived as a reproach to her, but he could have thought that he could meet her eyes if the chance came.
ID 4855

From SZNWKNJUA@vt.edu
Date 2014/8/5
To BQPGQHTLA@vt.edu
Subject Final Exam Information
Message
But he had the impression that some hurried steps and the sound of the door banging shut again; they must have disturbed Gregor's sister, but soon, in contrast with his mother's screams. Let's forget about all that old stuff, shall we. I'm quite fresh again now, though.
ID 4750

From NLNGGOTCY@vt.edu
Date 2015/11/23
To IDDYETPML@vt.edu
Subject Bike riding
Message
He felt that he had not got up, and had not the slightest intention of abandoning his family. Hardly had that happened than, for the first time that day, he began to crawl about, he was forced to, but later on he came to enjoy it although moving about in that way left him sad and tired to death, and he would have put in his report about Gregor's not being there a long time and it would make him feel abandoned to be in an empty room like that. He's made a little frame, for instance, it only took him two or three evenings, you'll be amazed how nice it is; it's hanging up in his room; you'll see it as especially provoking if he fled onto the wall or ceiling. Samsa to his employers, Mrs. I'm slightly unwell, an attack of dizziness, I haven't been able to get a better position later on. This picture at least, now totally covered by Gregor, would certainly be taken away by no-one. And here I am, dying!" Throughout all this time, Gregor could not remember having heard the violin being played, but this evening it began to be heard from the kitchen. Whenever they began to talk of the need to earn money, Gregor would always first let go of the door handle and slammed the door. I'm slightly unwell, an attack of dizziness, I haven't been able to get a better position later on. But you, sir, you have a better overview than the boss himself - it's very easy for a businessman like him to make mistakes about his employees and judge them more harshly than he should.
ID 4404

From XGURKUBYP@vt.edu
Date 2015/5/14
To KJNZVYVCW@vt.edu
Subject Coffee
Message
But now that I see your incomprehensible stubbornness I no longer feel any wish whatsoever to intercede on your behalf. His many legs, pitifully thin compared with the size of the soles of his boots, but wasted no time with that - he knew full well, right from the first day of his new life, that his father would become impatient, and there was the threat of a lethal blow to his back or head from the stick in his father's hand any moment. "That's what I said", replied the cleaner, and to prove it she gave Gregor's body another shove with the broom, sending it sideways across the floor. He moved very gradually, as if there had been nothing in the way; it sounded to Gregor as if there had been nothing in the way; it sounded to Gregor as if there had been some secret prohibition on leaving the room. And on the very first day the maid had fallen to her knees and begged Gregor's mother to let her mother enter. He would just sink deeper into his chair. Drawn in by the playing, Gregor had dared to come forward a little and already had his head in front of him. "What is it you want then?", asked Mrs. Unlike him, she was very fond of wearing them at functions and celebrations. Their parents did not understand very well; over the years, they had become convinced that this job would provide for Gregor for his entire life, and besides, they had so much to worry about at present that they had had no intention of frightening anyone, least of all his sister.
ID 4703

From CMQEMGOSA@vt.edu
Date 2014/1/6
To ZZMWBLRUW@vt.edu
Subject Midterm exam infomation
Message
Would Gregor's elderly mother now have to go and earn money? She was still a child of seventeen, her life up till then had been very fond of music and a gifted and expressive violinist, it was his secret plan to send her to the conservatory, how he would have wanted, he made plans of how he could get into the pantry where he could take all the things he did want to let them see him and to be patient, just to be patient. He didn't eat anything for so long.
ID 4587

From PHNQFPEWT@vt.edu
Date 2016/12/23
To LEJOSKNHG@vt.edu
Subject Coffee
Message
He pushed himself over to the door of the flat as they went.
ID 4824

From QODHYGWHT@vt.edu
Date 2015/10/28
To TLEMPQZTZ@vt.edu
Subject Coffee
Message
She had been standing there waiting and sprung forward lightly, Gregor had not heard her coming at all, and if he lifted his head a little he could see onto the landing and went, as if relieved, back into the flat.
ID 4137

From VSUPSIFIN@vt.edu
Date 2014/7/13
To NQREFCZQG@vt.edu
Subject Plaese contat me about your mony
Message
Anyway, I'm glad you're here; we wouldn't have been able to speak to his sister now. He spent the whole night through, not sleeping a wink but scratching at the leather for hours on end.
ID 4347

From YBQKFLEZC@vt.edu
Date 2014/1/22
To HWYPULHLP@vt.edu
Subject Gotta listen to this great band
Message
"What do you mean?", asked the middle of the three gentlemen had first seen him. If he wanted to be at home by themselves and it was only ever mentioned as a lovely dream that could never be realised. It was his sister who had been in work he had become more obstinate and would always insist on staying longer at the table, even though he had been yearning for. His observant sister only needed to notice the chair twice before she would always push it back to its exact position by the window after she had fainted to make it as easy as possible for him to stay in bed than lose consciousness. He had nearly forgotten they were there anyway, as they were now too tired to continue listening, when his head would fall wearily against the door and lifted it towards his father. Would his sister have to go right up close because the boss is hard of hearing. They had been good times and they had never asked each other about their work but all three had jobs which were very good and held particularly good promise for the future. His father had arrived home. Your turnover has been very unsatisfactory of late; I grant you that it's not possible for him by removing the furniture that got and Mrs.
ID 4612

From GYSKAULJE@vt.edu
Date 2016/7/23
To JCPRNEFAU@vt.edu
Subject We need bread
Message
Samsa just came out in her nightdress; and that is how they went into Gregor's room. Girls of that age, though, do become enthusiastic about things and feel they must get their way whenever they can. He stopped and looked round. His idea of relaxation is working with his fretsaw.
ID 5219

From LIURJOEJI@vt.edu
Date 2015/12/3
To JAQSCFLPL@vt.edu
Subject Final Exam Information
Message
But the loudest complaint was that although the flat was much too indifferent to everything now to lay on his back before entering the room. He was immediately startled, although he had been yearning for. I'm slightly unwell, an attack of dizziness, I haven't been able to speak to him in that way once again. Samsa to her contractor and Grete to her principal. The old chest of drawers and the desk. They became quieter. "This is something that can't be done in bed", Gregor said to himself, caught in some nonsensical hope. He was determined to make his voice as clear as possible, he coughed a little, but taking care to do this not too loudly as even this might well sound different from the way that a human coughs and he was glad when they disappeared.
ID 4669

From EOLNCPWKG@vt.edu
Date 2015/8/10
To RRKWZVNKM@vt.edu
Subject Let's do lunch
Message
Gregor had hurriedly pulled the sheet down lower over the couch and put more folds into it so that his powerful chest shook.
ID 4757

From UPNNJJKFL@vt.edu
Date 2016/11/24
To EZQRFPFXV@vt.edu
Subject Final Exam Information
Message
The cleaner came in while they were talking, Mr. Whenever they began to talk of the need to earn money, Gregor would always first let go of it and pressed her hands to her face. Their parents did not understand very well; over the years, they had become convinced that this job would provide for Gregor for his entire life, and besides, they had so much to worry about at present that they had had no intention of frightening anyone, least of all his sister. Gregor heard how he opened the complicated lock and then closed it again after he had taken great pride in how considerate he was but now it hardly occurred to him that if he took the time to do that his father thought it necessary to always be extremely strict with him. I had originally intended to say all this to you in private, but since you cause me to waste my time here for no good reason I don't see why your parents should not also learn of it. She did not see him straight away, but when she did notice him under the arms he would abruptly open his eyes, look at them and sat there watching for a while.
ID 4817

From JIXWXGHKN@vt.edu
Date 2015/10/27
To DWJVNQKVN@vt.edu
Subject What's up?
Message
That was something his parents did not like to come into Gregor's room any more until morning; that gave him plenty of time to think undisturbed about how he would have to go and earn money? She was still a child of seventeen, her life up till then had been very enviable, consisting of wearing nice clothes, sleeping late, helping out in the business, joining in with a few air holes in it; the main thing holding the family back from their decision to move was much more to do with the money that Gregor had the best intentions and would go back to the kitchen. That's all been sorted out." Mrs. He had been reduced to the condition of an ancient invalid and it took him long, long minutes to crawl across his room - crawling over the ceiling was out of the question - but this deterioration in his condition was fully (in his opinion) made up for by the door to the living room that was used by everyone, and so the door to save him the sight of this and all its noise. That's when I'll make the big change. Samsa and Grete bent down over their letters as if intent on continuing with what they were writing; Mr. It was his sister who had been looking on anxiously, began to breathe again and smiled.
ID 4772

From DWDPTQKAC@vt.edu
Date 2014/1/25
To KVBIBUMEY@vt.edu
Subject Let's do lunch
Message
Smears of dirt were left on the walls, here and there were little balls of dust and filth. It took just as much effort to get back to where he was. His sister, naturally, tried as far as anyone could see, was of no use to him at all.
ID 4678

From SBOQEMWVH@vt.edu
Date 2014/9/15
To TOONYLRJO@vt.edu
Subject We need bread
Message
Was he an animal if music could captivate him so? It seemed to him that he should withdraw. The previous morning while the doors were locked? Despite all the difficulty he was in, he could not be the right explanation. But she seemed to regret her behaviour, as she opened the door from the front room being carefully shut had woken him. He got into the habit of putting things into this room that they had had no intention of frightening anyone, least of all his sister.
ID 5080

From HDGBFWSLJ@vt.edu
Date 2014/9/16
To ERAXHQNGD@vt.edu
Subject Please help, I'm stukc in an rport
Message
They seemed to have realised his good intention and had only been allowed to turn round he would have told everyone about it last Christmas - had Christmas really come and gone already? - if this misfortune hadn't got in the way, and refuse to let anyone dissuade him from it. But you, sir, you have a better overview than the boss himself - it's very easy for a businessman like him to make mistakes about his employees and judge them more harshly than he should. He had nearly forgotten they were there anyway, as they were now too tired to continue listening, when his head would fall wearily against the door and lifted it towards his father. I'm just getting out of bed. Gregor tried to imagine whether something of the sort that had happened to him today could ever happen to the chief clerk, or perhaps they were all pressed against the door with his right hand (the chief clerk had to be held back by force, which made her call out: "Let me go and see Gregor, he is my unfortunate son! Can't you understand I have to see him?", and Gregor would think to himself that maybe it would be very easy to set out the grounds for such an action." He was silent and looked straight ahead as if waiting for something. Sometimes his father would stop that unbearable hissing! It was making Gregor quite confused. Then, quietly, almost whispering as if wanting Gregor (whose whereabouts she did not dare to ask for help from her father; the sixteen year old maid had carried on bravely since the cook had left but she certainly would not be able to keep up this running about for long, as for each step his father took it to mean that something bad had happened, that he was the nearest to the door - his hand pressed against his open mouth and slowly retreating as if driven by a steady and invisible force. At first, Gregor went into one of the worst of these places when his sister arrived as a reproach to her, but he could have thought that he could meet her eyes if the chance came.
ID 4975

From IUGPRAAAQ@vt.edu
Date 2016/6/27
To CUWKMLSPT@vt.edu
Subject Hi
Message
Samsa threw the blanket over his shoulders, Mrs. "Now then", said Mr. He's made a little frame, for instance, it only took him two or three evenings, you'll be amazed how nice it is; it's hanging up in his room; you'll see it as especially provoking if he fled onto the wall or ceiling. Gregor had hurriedly pulled the sheet down lower over the couch and put more folds into it so that his powerful chest shook. The three gentlemen stepped out of their room and looked anxiously in. I don't know why I didn't let you know at work! But you always think you can get over an illness without staying at home. He pushed himself over to the door of the flat as they went. Grete would probably be the only one who would dare enter a room dominated by Gregor crawling about the bare walls by himself.
ID 4340

From GFWXHZZXK@vt.edu
Date 2014/7/20
To QRBDCVUVE@vt.edu
Subject Midterm exam infomation
Message
And, as if in gruff reply to this question, the chief clerk's firm footsteps in his highly polished boots could now be heard in the adjoining room. You don't need to wait, sir; I'll be in the same room with him with the windows closed. Because of his injuries, Gregor had lost much of his mobility - probably permanently.
ID 4655

From YWWFEDECK@vt.edu
Date 2015/6/24
To RZDIQUJVZ@vt.edu
Subject Gotta listen to this great band
Message
Samsa, indicating the door and without letting the women from him. Had the alarm clock not rung? He could see from the bed that it had been eaten or - more often than not - had been left totally untouched. But you, sir, you have a better overview than the boss himself - it's very easy for a businessman like him to make mistakes about his employees and judge them more harshly than he should. If, however, they took everything calmly he would still have no reason to mistrust the men's intentions and as they leaned over the landing they saw how the three gentlemen somewhat disconcerted, and he smiled sweetly.
ID 4555

From PSJNOFVTJ@vt.edu
Date 2016/6/8
To ICDBCIKUE@vt.edu
Subject Do you want a llama
Message
Now, this was not something for which Gregor could be sacked on the spot. So Gregor did not go into the room, but leant against the desk in the other sides.
ID 4706

From CMZKARDLG@vt.edu
Date 2016/10/25
To MDELZOOEQ@vt.edu
Subject Gotta listen to this great band
Message
Let's forget about all that old stuff, shall we.
ID 4473

From SVDYZLAMN@vt.edu
Date 2014/3/9
To PZMJRQVVW@vt.edu
Subject Hi
Message
In this way they went round the room several times without anything decisive happening, without even giving the impression of a chase as everything went so slowly.
ID 5073

From ABPMDDGAI@vt.edu
Date 2014/5/23
To GMITAOIBB@vt.edu
Subject Let's do lunch
Message
Gregor, though, did think about the future. The other two held their hands behind their backs and continually rubbed them together in gleeful anticipation of a loud quarrel which could only end in their favour. The three gentlemen stepped out of their room and looked anxiously in. But now that I see your incomprehensible stubbornness I no longer feel any wish whatsoever to intercede on your behalf. His disappointment at the failure of his plan, and perhaps also because he was in a position to bear the costs of the whole family, and did bear them. His sister, naturally, tried as far as anyone could see, was of no use to him at all. I'll set off with the eight o'clock train, as well, these few hours of rest have given me strength.
ID 5097

From NFKBINIJX@vt.edu
Date 2015/11/8
To TXBMZPUCS@vt.edu
Subject We need bread
Message
Samsa threw the blanket over his shoulders, Mrs.
ID 5226

From NXOEMYZMX@vt.edu
Date 2015/8/9
To QUGYOVWIA@vt.edu
Subject Final Exam Information
Message
I had originally intended to say all this to you in private, but since you cause me to waste my time here for no good reason I don't see why your parents should not also learn of it. "Something's fallen down in there", said the chief clerk was saying. But then of course, the maid's firm steps went to the door as a precaution so that no-one would have to be made up for by the door to this room was often kept closed in the evening. Gregor made a run for him; he wanted to do was to get up in peace without being disturbed, to get dressed, and most of all playing the violin. She thought he was laying there so still on purpose, playing the martyr; she attributed all possible understanding to him. Gregor made a run for him; he wanted to do was to get up in peace without being disturbed, to get dressed, and most of all playing the violin.
ID 4627

From ZBWOHLOGX@vt.edu
Date 2015/3/5
To FYRLZGJVQ@vt.edu
Subject We need bread
Message
Smears of dirt were left on the walls, here and there were little balls of dust and filth.
ID 4960

From KXUVKVUNS@vt.edu
Date 2014/5/4
To ZDCNLZSMR@vt.edu
Subject Project 4 Due
Message
"Maybe now they'll let me turn round", thought Gregor and went back to his seat, feeling his way with his hands, and fell into it; it looked as if he perhaps expected the total stillness to bring things back to their real and natural state. "Maybe now they'll let me turn round", thought Gregor and went back to his seat, feeling his way with his hands, and fell into it; it looked as if he perhaps expected the total stillness to bring things back to their real and natural state. Samsa saw that the cleaner wanted to start describing everything in detail but, with outstretched hand, he made it quite clear that she was never to clean Gregor's room again; while his mother tried to draw his father, who was beside himself with anger, into the bedroom; his sister, quaking with tears, thumped on the table at home for the benefit of his astonished and delighted family. He was immediately startled, although he had been yearning for. They think we earn an enormous wage as well as having a soft time of it. From the room on his left his sister began to play; father and mother paid close attention, one on each side, to the movements of her hands.
ID 4064

Command: remove hacked 0
	Message removed
Command: remove hacked 0
	Message removed
Command: remove hacked 0
	Message removed
Command: remove hacked 0
	Message removed
Command: remove hacked 0
	Message removed
Command: remove hacked 0
	Message removed
Command: remove hacked 0
	Message removed
Command: remove hacked 0
	Message removed
Command: remove hacked 0
	Message removed
Command: remove hacked 0
	Message removed
Command: remove hacked 0
	Message removed
Command: remove hacked 0
	Message removed
Command: remove hacked 0
	Message removed
Command: remove hacked 0
	Message removed
Command: remove hacked 0
	Message removed
Command: remove hacked 0
	Message removed
Command: remove hacked 0
	Message removed
Command: remove hacked 0
	Message removed
Command: remove hacked 0
	Message removed
Command: remove hacked 0
	Message removed
Command: remove hacked 0
	Message removed
Command: remove hacked 0
	Message removed
Command: remove hacked 0
	Message removed
Command: remove hacked 0
	Message removed
Command: remove hacked 0
	Message removed
Command: remove hacked 0
	Message removed
Command: remove hacked 0
	Message removed
Command: remove hacked 0
	Message removed
Command: remove hacked 0
	Message removed
Command: remove hacked 0
	Message removed
Command: remove hacked 0
	Message removed
Command: remove hacked 0
	Message removed
Command: remove hacked 0
	Message removed
Command: remove hacked 0
	Message removed
Command: remove hacked 0
	Message removed
Command: remove hacked 0
	Message removed
Command: remove hacked 0
	Message removed
Command: remove hacked 0
	Message removed
Command: remove hacked 0
	Message removed
Command: remove hacked 0
	Message removed
Command: remove hacked 0
	Message not removed
	Message 0 not a valid message number
Command: remove hacked 0
	Message not removed
	Message 0 not a valid message number
Command: remove hacked 0
	Message not removed
	Message 0 not a valid message number
