Command: load test/mboxes/test1.mbox
	Messages: 46
