	Message not removed
	Message 300 not a valid message number
	Message not removed
	Message 5 not a valid message number
	Message not removed
	Message -1 not a valid message number
	Message removed
	Message removed
	Message removed
	Message removed
	Message not removed
	Message 0 not a valid message number
	Message not removed
	Message 0 not a valid message number
	Message not removed
	Message 0 not a valid message number
	Message not removed
	Message 0 not a valid message number
	Message not removed
	Message 0 not a valid message number
