	Message added
	Message was not authentic.  Sent to hacked list.
