 0,  0: 2
12,  1: \
-1, -1: bad location
13,  2: bad location