encrypted: gsrh rh nb ksizhv.
decrypted: this is my phrase.
