Data file: test/samples/test1.info
Command: size average
	Sum: 30369629.00
	Country count: 81
	Average Size: 374933.69
