1:[ ] hello
2:[ ] test test
1:[ ] test test
2:[x] hello
